c:\users\cmsssudi\downloads\5208comp-coursework-template (2019)\dependencies\lua-5.1.4\lualib\bin\win32\debug\lualib.pdb
c:\users\cmsssudi\downloads\5208comp-coursework-template (2019)\dependencies\lua-5.1.4\lualib\bin\win32\debug\lualib.idb
c:\users\cmsssudi\downloads\5208comp-coursework-template (2019)\dependencies\lua-5.1.4\lualib\bin\win32\debug\lparser.obj
c:\users\cmsssudi\downloads\5208comp-coursework-template (2019)\dependencies\lua-5.1.4\lualib\bin\win32\debug\loslib.obj
c:\users\cmsssudi\downloads\5208comp-coursework-template (2019)\dependencies\lua-5.1.4\lualib\bin\win32\debug\lopcodes.obj
c:\users\cmsssudi\downloads\5208comp-coursework-template (2019)\dependencies\lua-5.1.4\lualib\bin\win32\debug\lobject.obj
c:\users\cmsssudi\downloads\5208comp-coursework-template (2019)\dependencies\lua-5.1.4\lualib\bin\win32\debug\loadlib.obj
c:\users\cmsssudi\downloads\5208comp-coursework-template (2019)\dependencies\lua-5.1.4\lualib\bin\win32\debug\lmem.obj
c:\users\cmsssudi\downloads\5208comp-coursework-template (2019)\dependencies\lua-5.1.4\lualib\bin\win32\debug\lmathlib.obj
c:\users\cmsssudi\downloads\5208comp-coursework-template (2019)\dependencies\lua-5.1.4\lualib\bin\win32\debug\llex.obj
c:\users\cmsssudi\downloads\5208comp-coursework-template (2019)\dependencies\lua-5.1.4\lualib\bin\win32\debug\liolib.obj
c:\users\cmsssudi\downloads\5208comp-coursework-template (2019)\dependencies\lua-5.1.4\lualib\bin\win32\debug\linit.obj
c:\users\cmsssudi\downloads\5208comp-coursework-template (2019)\dependencies\lua-5.1.4\lualib\bin\win32\debug\lgc.obj
c:\users\cmsssudi\downloads\5208comp-coursework-template (2019)\dependencies\lua-5.1.4\lualib\bin\win32\debug\lfunc.obj
c:\users\cmsssudi\downloads\5208comp-coursework-template (2019)\dependencies\lua-5.1.4\lualib\bin\win32\debug\ldump.obj
c:\users\cmsssudi\downloads\5208comp-coursework-template (2019)\dependencies\lua-5.1.4\lualib\bin\win32\debug\ldo.obj
c:\users\cmsssudi\downloads\5208comp-coursework-template (2019)\dependencies\lua-5.1.4\lualib\bin\win32\debug\ldebug.obj
c:\users\cmsssudi\downloads\5208comp-coursework-template (2019)\dependencies\lua-5.1.4\lualib\bin\win32\debug\ldblib.obj
c:\users\cmsssudi\downloads\5208comp-coursework-template (2019)\dependencies\lua-5.1.4\lualib\bin\win32\debug\lcode.obj
c:\users\cmsssudi\downloads\5208comp-coursework-template (2019)\dependencies\lua-5.1.4\lualib\bin\win32\debug\lbaselib.obj
c:\users\cmsssudi\downloads\5208comp-coursework-template (2019)\dependencies\lua-5.1.4\lualib\bin\win32\debug\lauxlib.obj
c:\users\cmsssudi\downloads\5208comp-coursework-template (2019)\dependencies\lua-5.1.4\lualib\bin\win32\debug\lapi.obj
c:\users\cmsssudi\downloads\5208comp-coursework-template (2019)\dependencies\lua-5.1.4\lualib\bin\win32\debug\lzio.obj
c:\users\cmsssudi\downloads\5208comp-coursework-template (2019)\dependencies\lua-5.1.4\lualib\bin\win32\debug\lvm.obj
c:\users\cmsssudi\downloads\5208comp-coursework-template (2019)\dependencies\lua-5.1.4\lualib\bin\win32\debug\lundump.obj
c:\users\cmsssudi\downloads\5208comp-coursework-template (2019)\dependencies\lua-5.1.4\lualib\bin\win32\debug\ltm.obj
c:\users\cmsssudi\downloads\5208comp-coursework-template (2019)\dependencies\lua-5.1.4\lualib\bin\win32\debug\ltablib.obj
c:\users\cmsssudi\downloads\5208comp-coursework-template (2019)\dependencies\lua-5.1.4\lualib\bin\win32\debug\ltable.obj
c:\users\cmsssudi\downloads\5208comp-coursework-template (2019)\dependencies\lua-5.1.4\lualib\bin\win32\debug\lstrlib.obj
c:\users\cmsssudi\downloads\5208comp-coursework-template (2019)\dependencies\lua-5.1.4\lualib\bin\win32\debug\lstring.obj
c:\users\cmsssudi\downloads\5208comp-coursework-template (2019)\dependencies\lua-5.1.4\lualib\bin\win32\debug\lstate.obj
c:\users\cmsssudi\downloads\5208comp-coursework-template (2019)\dependencies\lua-5.1.4\lualib\bin\win32\debug\lualib.lib
c:\users\cmsssudi\downloads\5208comp-coursework-template (2019)\dependencies\lua-5.1.4\lualib\bin\win32\debug\lualib.tlog\cl.command.1.tlog
c:\users\cmsssudi\downloads\5208comp-coursework-template (2019)\dependencies\lua-5.1.4\lualib\bin\win32\debug\lualib.tlog\cl.read.1.tlog
c:\users\cmsssudi\downloads\5208comp-coursework-template (2019)\dependencies\lua-5.1.4\lualib\bin\win32\debug\lualib.tlog\cl.write.1.tlog
c:\users\cmsssudi\downloads\5208comp-coursework-template (2019)\dependencies\lua-5.1.4\lualib\bin\win32\debug\lualib.tlog\lib-link.read.1.tlog
c:\users\cmsssudi\downloads\5208comp-coursework-template (2019)\dependencies\lua-5.1.4\lualib\bin\win32\debug\lualib.tlog\lib-link.write.1.tlog
c:\users\cmsssudi\downloads\5208comp-coursework-template (2019)\dependencies\lua-5.1.4\lualib\bin\win32\debug\lualib.tlog\lib.command.1.tlog
