  PCH.cpp
  Animation.cpp
  Application.cpp
  ConsoleWindow.cpp
  FileLoader.cpp
  FileSystem.cpp
E:\My Files\Uni\Handed in CW\5208COMP-Coursework-Template (2022) (3)\5208COMP-Coursework-Template (2022)\Source\Application\FileSystem.cpp(38,7): warning C4996: 'GetVersionExW': was declared deprecated
E:\My Files\Uni\Handed in CW\5208COMP-Coursework-Template (2022) (3)\5208COMP-Coursework-Template (2022)\Source\Application\FileSystem.cpp(54,7): warning C4996: 'GetVersionExW': was declared deprecated
  main.cpp
  RenderApplication.cpp
  RenderWindow.cpp
  SingleWindowGlyphlet.cpp
  Win32RenderWindow.cpp
  EventManager.cpp
  EvtChar.cpp
  EvtErrorMessage.cpp
  EvtFrameStart.cpp
  EvtInfoMessage.cpp
  EvtKeyboardMsg.cpp
  EvtKeyDown.cpp
  EvtKeyUp.cpp
  EvtMouseLButtonDown.cpp
  EvtMouseLButtonUp.cpp
  Generating Code...
  Compiling...
  EvtMouseLeave.cpp
  EvtMouseMButtonDown.cpp
  EvtMouseMButtonUp.cpp
  EvtMouseMove.cpp
  EvtMouseMsg.cpp
  EvtMouseRButtonDown.cpp
  EvtMouseRButtonUp.cpp
  EvtMouseWheel.cpp
  EvtWindowMsg.cpp
  EvtWindowResize.cpp
  IEventListener.cpp
  Box3f.cpp
  CompositeShape.cpp
  Cone3f.cpp
  Frustum3f.cpp
  LineIndices.cpp
  Plane3f.cpp
  PointIndices.cpp
  Ray3f.cpp
  Shape3D.cpp
  Generating Code...
  Compiling...
  Sphere3f.cpp
  Triangle3f.cpp
  TriangleIndices.cpp
  Intersector.cpp
  IntrRay3fBox3f.cpp
  IntrRay3fSphere3f.cpp
  Matrix3f.cpp
  Matrix4f.cpp
  PerlinNoise.cpp
  Vector2f.cpp
  Vector3f.cpp
  Vector4f.cpp
  Actor.cpp
  ActorGenerator.cpp
  BoundsVisualizerActor.cpp
  Camera.cpp
  ConsoleActor.cpp
  Entity3D.cpp
  FirstPersonCamera.cpp
  FullscreenActor.cpp
  Generating Code...
  Compiling...
  GeometryActor.cpp
  GlyphletActor.cpp
  IController.cpp
  Light.cpp
  Node3D.cpp
  ObjectSpaceCameraPositionWriter.cpp
  PickRecord.cpp
  PointLight.cpp
  PositionExtractorController.cpp
  RotationController.cpp
  Scene.cpp
  ScaleSetpointController.cpp
  SkinnedActor.cpp
  SkinnedBoneController.cpp
  SkyboxActor.cpp
  SpatialController.cpp
  TextActor.cpp
  TextureActor.cpp
  TextureSpaceCameraPositionWriter.cpp
  TextureSpaceLightPositionWriter.cpp
  Generating Code...
  Compiling...
  VolumeActor.cpp
  BasicVertexDX11.cpp
  BlendStateConfigDX11.cpp
  BufferConfigDX11.cpp
  BufferDX11.cpp
  ByteAddressBufferDX11.cpp
  CommandListDX11.cpp
  ComputeShaderDX11.cpp
  ComputeStageDX11.cpp
  ConstantBufferDX11.cpp
  ConstantBufferParameterDX11.cpp
  ConstantBufferParameterWriterDX11.cpp
  D3DEnumConversion.cpp
  DepthStencilStateConfigDX11.cpp
  DepthStencilViewConfigDX11.cpp
  DepthStencilViewDX11.cpp
  DomainShaderDX11.cpp
  DomainStageDX11.cpp
  DXGIAdapter.cpp
  DXGIOutput.cpp
  Generating Code...
  Compiling...
  EntityRenderParams.cpp
  GeometryDX11.cpp
  GeometryGeneratorDX11.cpp
  GeometryLoaderDX11.cpp
  GeometryShaderDX11.cpp
  GeometryStageDX11.cpp
  HullShaderDX11.cpp
  HullStageDX11.cpp
  IndexBufferDX11.cpp
  IndirectArgsBufferDX11.cpp
  InputAssemblerStageDX11.cpp
  InputAssemblerStateDX11.cpp
  MaterialDX11.cpp
  MaterialGeneratorDX11.cpp
  MaterialManager.cpp
  MaterialTemplate.cpp
  MatrixArrayParameterDX11.cpp
  MatrixArrayParameterWriterDX11.cpp
  MatrixParameterDX11.cpp
  MatrixParameterWriterDX11.cpp
  Generating Code...
  Compiling...
  MultiExecutorDX11.cpp
  OutputMergerStageDX11.cpp
  OutputMergerStageStateDX11.cpp
  ParameterContainer.cpp
  ParameterManagerDX11.cpp
  ParameterWriter.cpp
  PipelineExecutorDX11.cpp
  PipelineManagerDX11.cpp
  PixelShaderDX11.cpp
  PixelStageDX11.cpp
  RasterizerStageDX11.cpp
  RasterizerStageStateDX11.cpp
  RasterizerStateConfigDX11.cpp
  RenderEffectDX11.cpp
E:\My Files\Uni\Handed in CW\5208COMP-Coursework-Template (2022) (3)\5208COMP-Coursework-Template (2022)\Source\Rendering\RenderEffectDX11.cpp(145,28): warning C4858: discarding return value: This member function returns a bool indicating whether the container is empty and has no other effects. It is not useful to call this member function and discard the return value. Use the 'clear()' member function if you want to erase all elements.
  RendererDX11.cpp
E:\My Files\Uni\Handed in CW\5208COMP-Coursework-Template (2022) (3)\5208COMP-Coursework-Template (2022)\Source\Rendering\RendererDX11.cpp(1858,2): warning C4018: '<': signed/unsigned mismatch
E:\My Files\Uni\Handed in CW\5208COMP-Coursework-Template (2022) (3)\5208COMP-Coursework-Template (2022)\Source\Rendering\RendererDX11.cpp(1866,2): warning C4018: '<': signed/unsigned mismatch
E:\My Files\Uni\Handed in CW\5208COMP-Coursework-Template (2022) (3)\5208COMP-Coursework-Template (2022)\Source\Rendering\RendererDX11.cpp(1874,2): warning C4018: '<': signed/unsigned mismatch
E:\My Files\Uni\Handed in CW\5208COMP-Coursework-Template (2022) (3)\5208COMP-Coursework-Template (2022)\Source\Rendering\RendererDX11.cpp(1882,2): warning C4018: '<': signed/unsigned mismatch
  RenderParameterDX11.cpp
  RenderTargetViewConfigDX11.cpp
  RenderTargetViewDX11.cpp
  ResourceDX11.cpp
  ResourceProxyDX11.cpp
  Generating Code...
  Compiling...
  SamplerParameterDX11.cpp
  SamplerParameterWriterDX11.cpp
  SamplerStateConfigDX11.cpp
  SceneRenderTask.cpp
  ShaderDX11.cpp
  ShaderFactoryDX11.cpp
  ShaderReflectionDX11.cpp
  ShaderReflectionFactoryDX11.cpp
  ShaderResourceParameterDX11.cpp
  ShaderResourceParameterWriterDX11.cpp
  ShaderResourceViewConfigDX11.cpp
  ShaderResourceViewDX11.cpp
  ShaderStageDX11.cpp
  ShaderStageStateDX11.cpp
  SpriteFontDX11.cpp
  SpriteFontLoaderDX11.cpp
  SpriteRendererDX11.cpp
  SpriteVertexDX11.cpp
  StreamOutputStageDX11.cpp
  StreamOutputStageStateDX11.cpp
  Generating Code...
  Compiling...
  StructuredBufferDX11.cpp
  SwapChainConfigDX11.cpp
  SwapChainDX11.cpp
  Task.cpp
  Texture1dConfigDX11.cpp
  Texture1dDX11.cpp
  Texture2dConfigDX11.cpp
  Texture2dDX11.cpp
  Texture3dConfigDX11.cpp
  Texture3dDX11.cpp
  TexturedVertex.cpp
  UnorderedAccessParameterDX11.cpp
  UnorderedAccessParameterWriterDX11.cpp
  UnorderedAccessViewConfigDX11.cpp
  UnorderedAccessViewDX11.cpp
  VectorParameterDX11.cpp
  VectorParameterWriterDX11.cpp
  VertexBufferDX11.cpp
  VertexElementDX11.cpp
  VertexShaderDX11.cpp
  Generating Code...
  Compiling...
  VertexStageDX11.cpp
  ViewAmbientOcclusion.cpp
  ViewDepthNormal.cpp
  ViewOcclusion.cpp
  ViewPerspective.cpp
  ViewPortDX11.cpp
  ViewTextOverlay.cpp
  VisualizerVertexDX11.cpp
  VolumeTextureVertexDX11.cpp
  Console.cpp
  LuaApp.cpp
  LuaGeometryActor.cpp
  LuaScene.cpp
  LuaTextActor.cpp
  ScriptIntfActor.cpp
  ScriptIntfApp.cpp
  ScriptManager.cpp
  GlyphString.cpp
  Log.cpp
  Timer.cpp
  Generating Code...
  Hieroglyph3_Desktop.vcxproj -> E:\My Files\Uni\Handed in CW\5208COMP-Coursework-Template (2022) (3)\5208COMP-Coursework-Template (2022)\SDK\Library\Win32\Debug\Hieroglyph3.lib
