c:\users\cmsssudi\downloads\5208comp-coursework-template (2019)\source\bin\win32\debug\hieroglyph3.pch
c:\users\cmsssudi\downloads\5208comp-coursework-template (2019)\sdk\library\win32\debug\hieroglyph3.pdb
c:\users\cmsssudi\downloads\5208comp-coursework-template (2019)\sdk\library\win32\debug\hieroglyph3.idb
c:\users\cmsssudi\downloads\5208comp-coursework-template (2019)\source\bin\win32\debug\pch.obj
c:\users\cmsssudi\downloads\5208comp-coursework-template (2019)\source\bin\win32\debug\evtmouselbuttonup.obj
c:\users\cmsssudi\downloads\5208comp-coursework-template (2019)\source\bin\win32\debug\evtmouselbuttondown.obj
c:\users\cmsssudi\downloads\5208comp-coursework-template (2019)\source\bin\win32\debug\evtkeyup.obj
c:\users\cmsssudi\downloads\5208comp-coursework-template (2019)\source\bin\win32\debug\evtkeydown.obj
c:\users\cmsssudi\downloads\5208comp-coursework-template (2019)\source\bin\win32\debug\evtkeyboardmsg.obj
c:\users\cmsssudi\downloads\5208comp-coursework-template (2019)\source\bin\win32\debug\evtinfomessage.obj
c:\users\cmsssudi\downloads\5208comp-coursework-template (2019)\source\bin\win32\debug\evtframestart.obj
c:\users\cmsssudi\downloads\5208comp-coursework-template (2019)\source\bin\win32\debug\evterrormessage.obj
c:\users\cmsssudi\downloads\5208comp-coursework-template (2019)\source\bin\win32\debug\evtchar.obj
c:\users\cmsssudi\downloads\5208comp-coursework-template (2019)\source\bin\win32\debug\eventmanager.obj
c:\users\cmsssudi\downloads\5208comp-coursework-template (2019)\source\bin\win32\debug\win32renderwindow.obj
c:\users\cmsssudi\downloads\5208comp-coursework-template (2019)\source\bin\win32\debug\singlewindowglyphlet.obj
c:\users\cmsssudi\downloads\5208comp-coursework-template (2019)\source\bin\win32\debug\renderwindow.obj
c:\users\cmsssudi\downloads\5208comp-coursework-template (2019)\source\bin\win32\debug\renderapplication.obj
c:\users\cmsssudi\downloads\5208comp-coursework-template (2019)\source\bin\win32\debug\main.obj
c:\users\cmsssudi\downloads\5208comp-coursework-template (2019)\source\bin\win32\debug\filesystem.obj
c:\users\cmsssudi\downloads\5208comp-coursework-template (2019)\source\bin\win32\debug\fileloader.obj
c:\users\cmsssudi\downloads\5208comp-coursework-template (2019)\source\bin\win32\debug\consolewindow.obj
c:\users\cmsssudi\downloads\5208comp-coursework-template (2019)\source\bin\win32\debug\application.obj
c:\users\cmsssudi\downloads\5208comp-coursework-template (2019)\source\bin\win32\debug\animation.obj
c:\users\cmsssudi\downloads\5208comp-coursework-template (2019)\source\bin\win32\debug\shape3d.obj
c:\users\cmsssudi\downloads\5208comp-coursework-template (2019)\source\bin\win32\debug\ray3f.obj
c:\users\cmsssudi\downloads\5208comp-coursework-template (2019)\source\bin\win32\debug\pointindices.obj
c:\users\cmsssudi\downloads\5208comp-coursework-template (2019)\source\bin\win32\debug\plane3f.obj
c:\users\cmsssudi\downloads\5208comp-coursework-template (2019)\source\bin\win32\debug\lineindices.obj
c:\users\cmsssudi\downloads\5208comp-coursework-template (2019)\source\bin\win32\debug\frustum3f.obj
c:\users\cmsssudi\downloads\5208comp-coursework-template (2019)\source\bin\win32\debug\cone3f.obj
c:\users\cmsssudi\downloads\5208comp-coursework-template (2019)\source\bin\win32\debug\compositeshape.obj
c:\users\cmsssudi\downloads\5208comp-coursework-template (2019)\source\bin\win32\debug\box3f.obj
c:\users\cmsssudi\downloads\5208comp-coursework-template (2019)\source\bin\win32\debug\ieventlistener.obj
c:\users\cmsssudi\downloads\5208comp-coursework-template (2019)\source\bin\win32\debug\evtwindowresize.obj
c:\users\cmsssudi\downloads\5208comp-coursework-template (2019)\source\bin\win32\debug\evtwindowmsg.obj
c:\users\cmsssudi\downloads\5208comp-coursework-template (2019)\source\bin\win32\debug\evtmousewheel.obj
c:\users\cmsssudi\downloads\5208comp-coursework-template (2019)\source\bin\win32\debug\evtmouserbuttonup.obj
c:\users\cmsssudi\downloads\5208comp-coursework-template (2019)\source\bin\win32\debug\evtmouserbuttondown.obj
c:\users\cmsssudi\downloads\5208comp-coursework-template (2019)\source\bin\win32\debug\evtmousemsg.obj
c:\users\cmsssudi\downloads\5208comp-coursework-template (2019)\source\bin\win32\debug\evtmousemove.obj
c:\users\cmsssudi\downloads\5208comp-coursework-template (2019)\source\bin\win32\debug\evtmousembuttonup.obj
c:\users\cmsssudi\downloads\5208comp-coursework-template (2019)\source\bin\win32\debug\evtmousembuttondown.obj
c:\users\cmsssudi\downloads\5208comp-coursework-template (2019)\source\bin\win32\debug\evtmouseleave.obj
c:\users\cmsssudi\downloads\5208comp-coursework-template (2019)\source\bin\win32\debug\fullscreenactor.obj
c:\users\cmsssudi\downloads\5208comp-coursework-template (2019)\source\bin\win32\debug\firstpersoncamera.obj
c:\users\cmsssudi\downloads\5208comp-coursework-template (2019)\source\bin\win32\debug\entity3d.obj
c:\users\cmsssudi\downloads\5208comp-coursework-template (2019)\source\bin\win32\debug\consoleactor.obj
c:\users\cmsssudi\downloads\5208comp-coursework-template (2019)\source\bin\win32\debug\camera.obj
c:\users\cmsssudi\downloads\5208comp-coursework-template (2019)\source\bin\win32\debug\boundsvisualizeractor.obj
c:\users\cmsssudi\downloads\5208comp-coursework-template (2019)\source\bin\win32\debug\actorgenerator.obj
c:\users\cmsssudi\downloads\5208comp-coursework-template (2019)\source\bin\win32\debug\actor.obj
c:\users\cmsssudi\downloads\5208comp-coursework-template (2019)\source\bin\win32\debug\vector4f.obj
c:\users\cmsssudi\downloads\5208comp-coursework-template (2019)\source\bin\win32\debug\vector3f.obj
c:\users\cmsssudi\downloads\5208comp-coursework-template (2019)\source\bin\win32\debug\vector2f.obj
c:\users\cmsssudi\downloads\5208comp-coursework-template (2019)\source\bin\win32\debug\perlinnoise.obj
c:\users\cmsssudi\downloads\5208comp-coursework-template (2019)\source\bin\win32\debug\matrix4f.obj
c:\users\cmsssudi\downloads\5208comp-coursework-template (2019)\source\bin\win32\debug\matrix3f.obj
c:\users\cmsssudi\downloads\5208comp-coursework-template (2019)\source\bin\win32\debug\intrray3fsphere3f.obj
c:\users\cmsssudi\downloads\5208comp-coursework-template (2019)\source\bin\win32\debug\intrray3fbox3f.obj
c:\users\cmsssudi\downloads\5208comp-coursework-template (2019)\source\bin\win32\debug\intersector.obj
c:\users\cmsssudi\downloads\5208comp-coursework-template (2019)\source\bin\win32\debug\triangleindices.obj
c:\users\cmsssudi\downloads\5208comp-coursework-template (2019)\source\bin\win32\debug\triangle3f.obj
c:\users\cmsssudi\downloads\5208comp-coursework-template (2019)\source\bin\win32\debug\sphere3f.obj
c:\users\cmsssudi\downloads\5208comp-coursework-template (2019)\source\bin\win32\debug\texturespacelightpositionwriter.obj
c:\users\cmsssudi\downloads\5208comp-coursework-template (2019)\source\bin\win32\debug\texturespacecamerapositionwriter.obj
c:\users\cmsssudi\downloads\5208comp-coursework-template (2019)\source\bin\win32\debug\textureactor.obj
c:\users\cmsssudi\downloads\5208comp-coursework-template (2019)\source\bin\win32\debug\textactor.obj
c:\users\cmsssudi\downloads\5208comp-coursework-template (2019)\source\bin\win32\debug\spatialcontroller.obj
c:\users\cmsssudi\downloads\5208comp-coursework-template (2019)\source\bin\win32\debug\skyboxactor.obj
c:\users\cmsssudi\downloads\5208comp-coursework-template (2019)\source\bin\win32\debug\skinnedbonecontroller.obj
c:\users\cmsssudi\downloads\5208comp-coursework-template (2019)\source\bin\win32\debug\skinnedactor.obj
c:\users\cmsssudi\downloads\5208comp-coursework-template (2019)\source\bin\win32\debug\scalesetpointcontroller.obj
c:\users\cmsssudi\downloads\5208comp-coursework-template (2019)\source\bin\win32\debug\scene.obj
c:\users\cmsssudi\downloads\5208comp-coursework-template (2019)\source\bin\win32\debug\rotationcontroller.obj
c:\users\cmsssudi\downloads\5208comp-coursework-template (2019)\source\bin\win32\debug\positionextractorcontroller.obj
c:\users\cmsssudi\downloads\5208comp-coursework-template (2019)\source\bin\win32\debug\pointlight.obj
c:\users\cmsssudi\downloads\5208comp-coursework-template (2019)\source\bin\win32\debug\pickrecord.obj
c:\users\cmsssudi\downloads\5208comp-coursework-template (2019)\source\bin\win32\debug\objectspacecamerapositionwriter.obj
c:\users\cmsssudi\downloads\5208comp-coursework-template (2019)\source\bin\win32\debug\node3d.obj
c:\users\cmsssudi\downloads\5208comp-coursework-template (2019)\source\bin\win32\debug\light.obj
c:\users\cmsssudi\downloads\5208comp-coursework-template (2019)\source\bin\win32\debug\icontroller.obj
c:\users\cmsssudi\downloads\5208comp-coursework-template (2019)\source\bin\win32\debug\glyphletactor.obj
c:\users\cmsssudi\downloads\5208comp-coursework-template (2019)\source\bin\win32\debug\geometryactor.obj
c:\users\cmsssudi\downloads\5208comp-coursework-template (2019)\source\bin\win32\debug\dxgioutput.obj
c:\users\cmsssudi\downloads\5208comp-coursework-template (2019)\source\bin\win32\debug\dxgiadapter.obj
c:\users\cmsssudi\downloads\5208comp-coursework-template (2019)\source\bin\win32\debug\domainstagedx11.obj
c:\users\cmsssudi\downloads\5208comp-coursework-template (2019)\source\bin\win32\debug\domainshaderdx11.obj
c:\users\cmsssudi\downloads\5208comp-coursework-template (2019)\source\bin\win32\debug\depthstencilviewdx11.obj
c:\users\cmsssudi\downloads\5208comp-coursework-template (2019)\source\bin\win32\debug\depthstencilviewconfigdx11.obj
c:\users\cmsssudi\downloads\5208comp-coursework-template (2019)\source\bin\win32\debug\depthstencilstateconfigdx11.obj
c:\users\cmsssudi\downloads\5208comp-coursework-template (2019)\source\bin\win32\debug\d3denumconversion.obj
c:\users\cmsssudi\downloads\5208comp-coursework-template (2019)\source\bin\win32\debug\constantbufferparameterwriterdx11.obj
c:\users\cmsssudi\downloads\5208comp-coursework-template (2019)\source\bin\win32\debug\constantbufferparameterdx11.obj
c:\users\cmsssudi\downloads\5208comp-coursework-template (2019)\source\bin\win32\debug\constantbufferdx11.obj
c:\users\cmsssudi\downloads\5208comp-coursework-template (2019)\source\bin\win32\debug\computestagedx11.obj
c:\users\cmsssudi\downloads\5208comp-coursework-template (2019)\source\bin\win32\debug\computeshaderdx11.obj
c:\users\cmsssudi\downloads\5208comp-coursework-template (2019)\source\bin\win32\debug\commandlistdx11.obj
c:\users\cmsssudi\downloads\5208comp-coursework-template (2019)\source\bin\win32\debug\byteaddressbufferdx11.obj
c:\users\cmsssudi\downloads\5208comp-coursework-template (2019)\source\bin\win32\debug\bufferdx11.obj
c:\users\cmsssudi\downloads\5208comp-coursework-template (2019)\source\bin\win32\debug\bufferconfigdx11.obj
c:\users\cmsssudi\downloads\5208comp-coursework-template (2019)\source\bin\win32\debug\blendstateconfigdx11.obj
c:\users\cmsssudi\downloads\5208comp-coursework-template (2019)\source\bin\win32\debug\basicvertexdx11.obj
c:\users\cmsssudi\downloads\5208comp-coursework-template (2019)\source\bin\win32\debug\volumeactor.obj
c:\users\cmsssudi\downloads\5208comp-coursework-template (2019)\source\bin\win32\debug\matrixparameterwriterdx11.obj
c:\users\cmsssudi\downloads\5208comp-coursework-template (2019)\source\bin\win32\debug\matrixparameterdx11.obj
c:\users\cmsssudi\downloads\5208comp-coursework-template (2019)\source\bin\win32\debug\matrixarrayparameterwriterdx11.obj
c:\users\cmsssudi\downloads\5208comp-coursework-template (2019)\source\bin\win32\debug\matrixarrayparameterdx11.obj
c:\users\cmsssudi\downloads\5208comp-coursework-template (2019)\source\bin\win32\debug\materialtemplate.obj
c:\users\cmsssudi\downloads\5208comp-coursework-template (2019)\source\bin\win32\debug\materialmanager.obj
c:\users\cmsssudi\downloads\5208comp-coursework-template (2019)\source\bin\win32\debug\materialgeneratordx11.obj
c:\users\cmsssudi\downloads\5208comp-coursework-template (2019)\source\bin\win32\debug\materialdx11.obj
c:\users\cmsssudi\downloads\5208comp-coursework-template (2019)\source\bin\win32\debug\inputassemblerstatedx11.obj
c:\users\cmsssudi\downloads\5208comp-coursework-template (2019)\source\bin\win32\debug\inputassemblerstagedx11.obj
c:\users\cmsssudi\downloads\5208comp-coursework-template (2019)\source\bin\win32\debug\indirectargsbufferdx11.obj
c:\users\cmsssudi\downloads\5208comp-coursework-template (2019)\source\bin\win32\debug\indexbufferdx11.obj
c:\users\cmsssudi\downloads\5208comp-coursework-template (2019)\source\bin\win32\debug\hullstagedx11.obj
c:\users\cmsssudi\downloads\5208comp-coursework-template (2019)\source\bin\win32\debug\hullshaderdx11.obj
c:\users\cmsssudi\downloads\5208comp-coursework-template (2019)\source\bin\win32\debug\geometrystagedx11.obj
c:\users\cmsssudi\downloads\5208comp-coursework-template (2019)\source\bin\win32\debug\geometryshaderdx11.obj
c:\users\cmsssudi\downloads\5208comp-coursework-template (2019)\source\bin\win32\debug\geometryloaderdx11.obj
c:\users\cmsssudi\downloads\5208comp-coursework-template (2019)\source\bin\win32\debug\geometrygeneratordx11.obj
c:\users\cmsssudi\downloads\5208comp-coursework-template (2019)\source\bin\win32\debug\geometrydx11.obj
c:\users\cmsssudi\downloads\5208comp-coursework-template (2019)\source\bin\win32\debug\entityrenderparams.obj
c:\users\cmsssudi\downloads\5208comp-coursework-template (2019)\source\bin\win32\debug\resourceproxydx11.obj
c:\users\cmsssudi\downloads\5208comp-coursework-template (2019)\source\bin\win32\debug\resourcedx11.obj
c:\users\cmsssudi\downloads\5208comp-coursework-template (2019)\source\bin\win32\debug\rendertargetviewdx11.obj
c:\users\cmsssudi\downloads\5208comp-coursework-template (2019)\source\bin\win32\debug\rendertargetviewconfigdx11.obj
c:\users\cmsssudi\downloads\5208comp-coursework-template (2019)\source\bin\win32\debug\renderparameterdx11.obj
c:\users\cmsssudi\downloads\5208comp-coursework-template (2019)\source\bin\win32\debug\rendererdx11.obj
c:\users\cmsssudi\downloads\5208comp-coursework-template (2019)\source\bin\win32\debug\rendereffectdx11.obj
c:\users\cmsssudi\downloads\5208comp-coursework-template (2019)\source\bin\win32\debug\rasterizerstateconfigdx11.obj
c:\users\cmsssudi\downloads\5208comp-coursework-template (2019)\source\bin\win32\debug\rasterizerstagestatedx11.obj
c:\users\cmsssudi\downloads\5208comp-coursework-template (2019)\source\bin\win32\debug\rasterizerstagedx11.obj
c:\users\cmsssudi\downloads\5208comp-coursework-template (2019)\source\bin\win32\debug\pixelstagedx11.obj
c:\users\cmsssudi\downloads\5208comp-coursework-template (2019)\source\bin\win32\debug\pixelshaderdx11.obj
c:\users\cmsssudi\downloads\5208comp-coursework-template (2019)\source\bin\win32\debug\pipelinemanagerdx11.obj
c:\users\cmsssudi\downloads\5208comp-coursework-template (2019)\source\bin\win32\debug\pipelineexecutordx11.obj
c:\users\cmsssudi\downloads\5208comp-coursework-template (2019)\source\bin\win32\debug\parameterwriter.obj
c:\users\cmsssudi\downloads\5208comp-coursework-template (2019)\source\bin\win32\debug\parametermanagerdx11.obj
c:\users\cmsssudi\downloads\5208comp-coursework-template (2019)\source\bin\win32\debug\parametercontainer.obj
c:\users\cmsssudi\downloads\5208comp-coursework-template (2019)\source\bin\win32\debug\outputmergerstagestatedx11.obj
c:\users\cmsssudi\downloads\5208comp-coursework-template (2019)\source\bin\win32\debug\outputmergerstagedx11.obj
c:\users\cmsssudi\downloads\5208comp-coursework-template (2019)\source\bin\win32\debug\multiexecutordx11.obj
c:\users\cmsssudi\downloads\5208comp-coursework-template (2019)\source\bin\win32\debug\streamoutputstagestatedx11.obj
c:\users\cmsssudi\downloads\5208comp-coursework-template (2019)\source\bin\win32\debug\streamoutputstagedx11.obj
c:\users\cmsssudi\downloads\5208comp-coursework-template (2019)\source\bin\win32\debug\spritevertexdx11.obj
c:\users\cmsssudi\downloads\5208comp-coursework-template (2019)\source\bin\win32\debug\spriterendererdx11.obj
c:\users\cmsssudi\downloads\5208comp-coursework-template (2019)\source\bin\win32\debug\spritefontloaderdx11.obj
c:\users\cmsssudi\downloads\5208comp-coursework-template (2019)\source\bin\win32\debug\spritefontdx11.obj
c:\users\cmsssudi\downloads\5208comp-coursework-template (2019)\source\bin\win32\debug\shaderstagestatedx11.obj
c:\users\cmsssudi\downloads\5208comp-coursework-template (2019)\source\bin\win32\debug\shaderstagedx11.obj
c:\users\cmsssudi\downloads\5208comp-coursework-template (2019)\source\bin\win32\debug\shaderresourceviewdx11.obj
c:\users\cmsssudi\downloads\5208comp-coursework-template (2019)\source\bin\win32\debug\shaderresourceviewconfigdx11.obj
c:\users\cmsssudi\downloads\5208comp-coursework-template (2019)\source\bin\win32\debug\shaderresourceparameterwriterdx11.obj
c:\users\cmsssudi\downloads\5208comp-coursework-template (2019)\source\bin\win32\debug\shaderresourceparameterdx11.obj
c:\users\cmsssudi\downloads\5208comp-coursework-template (2019)\source\bin\win32\debug\shaderreflectionfactorydx11.obj
c:\users\cmsssudi\downloads\5208comp-coursework-template (2019)\source\bin\win32\debug\shaderreflectiondx11.obj
c:\users\cmsssudi\downloads\5208comp-coursework-template (2019)\source\bin\win32\debug\shaderfactorydx11.obj
c:\users\cmsssudi\downloads\5208comp-coursework-template (2019)\source\bin\win32\debug\shaderdx11.obj
c:\users\cmsssudi\downloads\5208comp-coursework-template (2019)\source\bin\win32\debug\scenerendertask.obj
c:\users\cmsssudi\downloads\5208comp-coursework-template (2019)\source\bin\win32\debug\samplerstateconfigdx11.obj
c:\users\cmsssudi\downloads\5208comp-coursework-template (2019)\source\bin\win32\debug\samplerparameterwriterdx11.obj
c:\users\cmsssudi\downloads\5208comp-coursework-template (2019)\source\bin\win32\debug\samplerparameterdx11.obj
c:\users\cmsssudi\downloads\5208comp-coursework-template (2019)\source\bin\win32\debug\vertexshaderdx11.obj
c:\users\cmsssudi\downloads\5208comp-coursework-template (2019)\source\bin\win32\debug\vertexelementdx11.obj
c:\users\cmsssudi\downloads\5208comp-coursework-template (2019)\source\bin\win32\debug\vertexbufferdx11.obj
c:\users\cmsssudi\downloads\5208comp-coursework-template (2019)\source\bin\win32\debug\vectorparameterwriterdx11.obj
c:\users\cmsssudi\downloads\5208comp-coursework-template (2019)\source\bin\win32\debug\vectorparameterdx11.obj
c:\users\cmsssudi\downloads\5208comp-coursework-template (2019)\source\bin\win32\debug\unorderedaccessviewdx11.obj
c:\users\cmsssudi\downloads\5208comp-coursework-template (2019)\source\bin\win32\debug\unorderedaccessviewconfigdx11.obj
c:\users\cmsssudi\downloads\5208comp-coursework-template (2019)\source\bin\win32\debug\unorderedaccessparameterwriterdx11.obj
c:\users\cmsssudi\downloads\5208comp-coursework-template (2019)\source\bin\win32\debug\unorderedaccessparameterdx11.obj
c:\users\cmsssudi\downloads\5208comp-coursework-template (2019)\source\bin\win32\debug\texturedvertex.obj
c:\users\cmsssudi\downloads\5208comp-coursework-template (2019)\source\bin\win32\debug\texture3ddx11.obj
c:\users\cmsssudi\downloads\5208comp-coursework-template (2019)\source\bin\win32\debug\texture3dconfigdx11.obj
c:\users\cmsssudi\downloads\5208comp-coursework-template (2019)\source\bin\win32\debug\texture2ddx11.obj
c:\users\cmsssudi\downloads\5208comp-coursework-template (2019)\source\bin\win32\debug\texture2dconfigdx11.obj
c:\users\cmsssudi\downloads\5208comp-coursework-template (2019)\source\bin\win32\debug\texture1ddx11.obj
c:\users\cmsssudi\downloads\5208comp-coursework-template (2019)\source\bin\win32\debug\texture1dconfigdx11.obj
c:\users\cmsssudi\downloads\5208comp-coursework-template (2019)\source\bin\win32\debug\task.obj
c:\users\cmsssudi\downloads\5208comp-coursework-template (2019)\source\bin\win32\debug\swapchaindx11.obj
c:\users\cmsssudi\downloads\5208comp-coursework-template (2019)\source\bin\win32\debug\swapchainconfigdx11.obj
c:\users\cmsssudi\downloads\5208comp-coursework-template (2019)\source\bin\win32\debug\structuredbufferdx11.obj
c:\users\cmsssudi\downloads\5208comp-coursework-template (2019)\source\bin\win32\debug\timer.obj
c:\users\cmsssudi\downloads\5208comp-coursework-template (2019)\source\bin\win32\debug\log.obj
c:\users\cmsssudi\downloads\5208comp-coursework-template (2019)\source\bin\win32\debug\glyphstring.obj
c:\users\cmsssudi\downloads\5208comp-coursework-template (2019)\source\bin\win32\debug\scriptmanager.obj
c:\users\cmsssudi\downloads\5208comp-coursework-template (2019)\source\bin\win32\debug\scriptintfapp.obj
c:\users\cmsssudi\downloads\5208comp-coursework-template (2019)\source\bin\win32\debug\scriptintfactor.obj
c:\users\cmsssudi\downloads\5208comp-coursework-template (2019)\source\bin\win32\debug\luatextactor.obj
c:\users\cmsssudi\downloads\5208comp-coursework-template (2019)\source\bin\win32\debug\luascene.obj
c:\users\cmsssudi\downloads\5208comp-coursework-template (2019)\source\bin\win32\debug\luageometryactor.obj
c:\users\cmsssudi\downloads\5208comp-coursework-template (2019)\source\bin\win32\debug\luaapp.obj
c:\users\cmsssudi\downloads\5208comp-coursework-template (2019)\source\bin\win32\debug\console.obj
c:\users\cmsssudi\downloads\5208comp-coursework-template (2019)\source\bin\win32\debug\volumetexturevertexdx11.obj
c:\users\cmsssudi\downloads\5208comp-coursework-template (2019)\source\bin\win32\debug\visualizervertexdx11.obj
c:\users\cmsssudi\downloads\5208comp-coursework-template (2019)\source\bin\win32\debug\viewtextoverlay.obj
c:\users\cmsssudi\downloads\5208comp-coursework-template (2019)\source\bin\win32\debug\viewportdx11.obj
c:\users\cmsssudi\downloads\5208comp-coursework-template (2019)\source\bin\win32\debug\viewperspective.obj
c:\users\cmsssudi\downloads\5208comp-coursework-template (2019)\source\bin\win32\debug\viewocclusion.obj
c:\users\cmsssudi\downloads\5208comp-coursework-template (2019)\source\bin\win32\debug\viewdepthnormal.obj
c:\users\cmsssudi\downloads\5208comp-coursework-template (2019)\source\bin\win32\debug\viewambientocclusion.obj
c:\users\cmsssudi\downloads\5208comp-coursework-template (2019)\source\bin\win32\debug\vertexstagedx11.obj
c:\users\cmsssudi\downloads\5208comp-coursework-template (2019)\sdk\library\win32\debug\hieroglyph3.lib
c:\users\cmsssudi\downloads\5208comp-coursework-template (2019)\source\bin\win32\debug\hieroglyph3.tlog\cl.command.1.tlog
c:\users\cmsssudi\downloads\5208comp-coursework-template (2019)\source\bin\win32\debug\hieroglyph3.tlog\cl.read.1.tlog
c:\users\cmsssudi\downloads\5208comp-coursework-template (2019)\source\bin\win32\debug\hieroglyph3.tlog\cl.write.1.tlog
c:\users\cmsssudi\downloads\5208comp-coursework-template (2019)\source\bin\win32\debug\hieroglyph3.tlog\lib-link.read.1.tlog
c:\users\cmsssudi\downloads\5208comp-coursework-template (2019)\source\bin\win32\debug\hieroglyph3.tlog\lib-link.write.1.tlog
c:\users\cmsssudi\downloads\5208comp-coursework-template (2019)\source\bin\win32\debug\hieroglyph3.tlog\lib.command.1.tlog
