c:\users\cmsssudi\downloads\5208comp-coursework-template (2019)\dependencies\directxtk\bin\desktop_2012\win32\debug\directxtk.pch
c:\users\cmsssudi\downloads\5208comp-coursework-template (2019)\dependencies\directxtk\bin\desktop_2012\win32\debug\directxtk.pdb
c:\users\cmsssudi\downloads\5208comp-coursework-template (2019)\dependencies\directxtk\bin\desktop_2012\win32\debug\directxtk.idb
c:\users\cmsssudi\downloads\5208comp-coursework-template (2019)\dependencies\directxtk\bin\desktop_2012\win32\debug\pch.obj
c:\users\cmsssudi\downloads\5208comp-coursework-template (2019)\dependencies\directxtk\bin\desktop_2012\win32\debug\wictextureloader.obj
c:\users\cmsssudi\downloads\5208comp-coursework-template (2019)\dependencies\directxtk\bin\desktop_2012\win32\debug\vertextypes.obj
c:\users\cmsssudi\downloads\5208comp-coursework-template (2019)\dependencies\directxtk\bin\desktop_2012\win32\debug\spritefont.obj
c:\users\cmsssudi\downloads\5208comp-coursework-template (2019)\dependencies\directxtk\bin\desktop_2012\win32\debug\primitivebatch.obj
c:\users\cmsssudi\downloads\5208comp-coursework-template (2019)\dependencies\directxtk\bin\desktop_2012\win32\debug\spritebatch.obj
c:\users\cmsssudi\downloads\5208comp-coursework-template (2019)\dependencies\directxtk\bin\desktop_2012\win32\debug\skinnedeffect.obj
c:\users\cmsssudi\downloads\5208comp-coursework-template (2019)\dependencies\directxtk\bin\desktop_2012\win32\debug\screengrab.obj
c:\users\cmsssudi\downloads\5208comp-coursework-template (2019)\dependencies\directxtk\bin\desktop_2012\win32\debug\geometricprimitive.obj
c:\users\cmsssudi\downloads\5208comp-coursework-template (2019)\dependencies\directxtk\bin\desktop_2012\win32\debug\environmentmapeffect.obj
c:\users\cmsssudi\downloads\5208comp-coursework-template (2019)\dependencies\directxtk\bin\desktop_2012\win32\debug\effectcommon.obj
c:\users\cmsssudi\downloads\5208comp-coursework-template (2019)\dependencies\directxtk\bin\desktop_2012\win32\debug\binaryreader.obj
c:\users\cmsssudi\downloads\5208comp-coursework-template (2019)\dependencies\directxtk\bin\desktop_2012\win32\debug\dualtextureeffect.obj
c:\users\cmsssudi\downloads\5208comp-coursework-template (2019)\dependencies\directxtk\bin\desktop_2012\win32\debug\ddstextureloader.obj
c:\users\cmsssudi\downloads\5208comp-coursework-template (2019)\dependencies\directxtk\bin\desktop_2012\win32\debug\commonstates.obj
c:\users\cmsssudi\downloads\5208comp-coursework-template (2019)\dependencies\directxtk\bin\desktop_2012\win32\debug\basiceffect.obj
c:\users\cmsssudi\downloads\5208comp-coursework-template (2019)\dependencies\directxtk\bin\desktop_2012\win32\debug\alphatesteffect.obj
c:\users\cmsssudi\downloads\5208comp-coursework-template (2019)\dependencies\directxtk\bin\desktop_2012\win32\debug\directxtk.lib
c:\users\cmsssudi\downloads\5208comp-coursework-template (2019)\dependencies\directxtk\bin\desktop_2012\win32\debug\direct_xtk.tlog\cl.command.1.tlog
c:\users\cmsssudi\downloads\5208comp-coursework-template (2019)\dependencies\directxtk\bin\desktop_2012\win32\debug\direct_xtk.tlog\cl.read.1.tlog
c:\users\cmsssudi\downloads\5208comp-coursework-template (2019)\dependencies\directxtk\bin\desktop_2012\win32\debug\direct_xtk.tlog\cl.write.1.tlog
c:\users\cmsssudi\downloads\5208comp-coursework-template (2019)\dependencies\directxtk\bin\desktop_2012\win32\debug\direct_xtk.tlog\lib-link.read.1.tlog
c:\users\cmsssudi\downloads\5208comp-coursework-template (2019)\dependencies\directxtk\bin\desktop_2012\win32\debug\direct_xtk.tlog\lib-link.write.1.tlog
c:\users\cmsssudi\downloads\5208comp-coursework-template (2019)\dependencies\directxtk\bin\desktop_2012\win32\debug\direct_xtk.tlog\lib.command.1.tlog
